sebastian@debian:~$ ls
certificates  Documents  Music     Public     Videos
Desktop       Downloads  Pictures  Templates
sebastian@debian:~$ ls -l
total 36
drwxr-xr-x 3 sebastian sebastian 4096 Jul  4 07:10 certificates
drwxr-xr-x 3 sebastian sebastian 4096 Jul  5 03:21 Desktop
drwxr-xr-x 2 sebastian sebastian 4096 Jul  4 07:01 Documents
drwxr-xr-x 2 sebastian sebastian 4096 Jul  5 03:21 Downloads
drwxr-xr-x 2 sebastian sebastian 4096 Jul  4 07:01 Music
drwxr-xr-x 2 sebastian sebastian 4096 Jul  4 07:01 Pictures
drwxr-xr-x 2 sebastian sebastian 4096 Jul  4 07:01 Public
drwxr-xr-x 2 sebastian sebastian 4096 Jul  4 07:01 Templates
drwxr-xr-x 2 sebastian sebastian 4096 Jul  4 07:01 Videos
sebastian@debian:~$ ls -f
.ssh	       .Xauthority		  .bashrc		Desktop
Pictures       .config			  Templates		certificates
.	       Documents		  .xsession-errors.old	.dmrc
.bash_history  .sudo_as_admin_successful  ..			Downloads
.profile       .mozilla			  .face.icon		.bash_logout
Videos	       .xsession-errors		  .cache		.lesshst
Public	       .local			  Music			.face
sebastian@debian:~$ 
sebastian@debian:~$ 
sebastian@debian:~$ 
sebastian@debian:~$ 
sebastian@debian:~$ 
sebastian@debian:~$ 
sebastian@debian:~$ 
sebastian@debian:~$ 
sebastian@debian:~$ touch 1
sebastian@debian:~$ touch2
bash: touch2: command not found
sebastian@debian:~$ touch 2
sebastian@debian:~$ ls
1  certificates  Documents  Music     Public     Videos
2  Desktop       Downloads  Pictures  Templates
sebastian@debian:~$ ls -l
total 36
-rw-r--r-- 1 sebastian sebastian    0 Jul  5 04:57 1
-rw-r--r-- 1 sebastian sebastian    0 Jul  5 04:57 2
drwxr-xr-x 3 sebastian sebastian 4096 Jul  4 07:10 certificates
drwxr-xr-x 3 sebastian sebastian 4096 Jul  5 03:21 Desktop
drwxr-xr-x 2 sebastian sebastian 4096 Jul  4 07:01 Documents
drwxr-xr-x 2 sebastian sebastian 4096 Jul  5 03:21 Downloads
drwxr-xr-x 2 sebastian sebastian 4096 Jul  4 07:01 Music
drwxr-xr-x 2 sebastian sebastian 4096 Jul  4 07:01 Pictures
drwxr-xr-x 2 sebastian sebastian 4096 Jul  4 07:01 Public
drwxr-xr-x 2 sebastian sebastian 4096 Jul  4 07:01 Templates
drwxr-xr-x 2 sebastian sebastian 4096 Jul  4 07:01 Videos
sebastian@debian:~$ cp 1 2
sebastian@debian:~$ ls-l
bash: ls-l: command not found
sebastian@debian:~$ ls -l
total 36
-rw-r--r-- 1 sebastian sebastian    0 Jul  5 04:57 1
-rw-r--r-- 1 sebastian sebastian    0 Jul  5 04:57 2
drwxr-xr-x 3 sebastian sebastian 4096 Jul  4 07:10 certificates
drwxr-xr-x 3 sebastian sebastian 4096 Jul  5 03:21 Desktop
drwxr-xr-x 2 sebastian sebastian 4096 Jul  4 07:01 Documents
drwxr-xr-x 2 sebastian sebastian 4096 Jul  5 03:21 Downloads
drwxr-xr-x 2 sebastian sebastian 4096 Jul  4 07:01 Music
drwxr-xr-x 2 sebastian sebastian 4096 Jul  4 07:01 Pictures
drwxr-xr-x 2 sebastian sebastian 4096 Jul  4 07:01 Public
drwxr-xr-x 2 sebastian sebastian 4096 Jul  4 07:01 Templates
drwxr-xr-x 2 sebastian sebastian 4096 Jul  4 07:01 Videos
sebastian@debian:~$ mv 1 2
sebastian@debian:~$ ls -l
total 36
-rw-r--r-- 1 sebastian sebastian    0 Jul  5 04:57 2
drwxr-xr-x 3 sebastian sebastian 4096 Jul  4 07:10 certificates
drwxr-xr-x 3 sebastian sebastian 4096 Jul  5 03:21 Desktop
drwxr-xr-x 2 sebastian sebastian 4096 Jul  4 07:01 Documents
drwxr-xr-x 2 sebastian sebastian 4096 Jul  5 03:21 Downloads
drwxr-xr-x 2 sebastian sebastian 4096 Jul  4 07:01 Music
drwxr-xr-x 2 sebastian sebastian 4096 Jul  4 07:01 Pictures
drwxr-xr-x 2 sebastian sebastian 4096 Jul  4 07:01 Public
drwxr-xr-x 2 sebastian sebastian 4096 Jul  4 07:01 Templates
drwxr-xr-x 2 sebastian sebastian 4096 Jul  4 07:01 Videos
sebastian@debian:~$ ls -l
total 36
-rw-r--r-- 1 sebastian sebastian    0 Jul  5 04:57 2
drwxr-xr-x 3 sebastian sebastian 4096 Jul  4 07:10 certificates
drwxr-xr-x 3 sebastian sebastian 4096 Jul  5 03:21 Desktop
drwxr-xr-x 2 sebastian sebastian 4096 Jul  4 07:01 Documents
drwxr-xr-x 2 sebastian sebastian 4096 Jul  5 03:21 Downloads
drwxr-xr-x 2 sebastian sebastian 4096 Jul  4 07:01 Music
drwxr-xr-x 2 sebastian sebastian 4096 Jul  4 07:01 Pictures
drwxr-xr-x 2 sebastian sebastian 4096 Jul  4 07:01 Public
drwxr-xr-x 2 sebastian sebastian 4096 Jul  4 07:01 Templates
drwxr-xr-x 2 sebastian sebastian 4096 Jul  4 07:01 Videos
sebastian@debian:~$ ls
2             Desktop    Downloads  Pictures  Templates
certificates  Documents  Music      Public    Videos
sebastian@debian:~$ ls-l
bash: ls-l: command not found
sebastian@debian:~$ ls -l
total 36
-rw-r--r-- 1 sebastian sebastian    0 Jul  5 04:57 2
drwxr-xr-x 3 sebastian sebastian 4096 Jul  4 07:10 certificates
drwxr-xr-x 3 sebastian sebastian 4096 Jul  5 03:21 Desktop
drwxr-xr-x 2 sebastian sebastian 4096 Jul  4 07:01 Documents
drwxr-xr-x 2 sebastian sebastian 4096 Jul  5 03:21 Downloads
drwxr-xr-x 2 sebastian sebastian 4096 Jul  4 07:01 Music
drwxr-xr-x 2 sebastian sebastian 4096 Jul  4 07:01 Pictures
drwxr-xr-x 2 sebastian sebastian 4096 Jul  4 07:01 Public
drwxr-xr-x 2 sebastian sebastian 4096 Jul  4 07:01 Templates
drwxr-xr-x 2 sebastian sebastian 4096 Jul  4 07:01 Videos
sebastian@debian:~$ touch 2
sebastian@debian:~$ ls -l
total 36
-rw-r--r-- 1 sebastian sebastian    0 Jul  5 04:59 2
drwxr-xr-x 3 sebastian sebastian 4096 Jul  4 07:10 certificates
drwxr-xr-x 3 sebastian sebastian 4096 Jul  5 03:21 Desktop
drwxr-xr-x 2 sebastian sebastian 4096 Jul  4 07:01 Documents
drwxr-xr-x 2 sebastian sebastian 4096 Jul  5 03:21 Downloads
drwxr-xr-x 2 sebastian sebastian 4096 Jul  4 07:01 Music
drwxr-xr-x 2 sebastian sebastian 4096 Jul  4 07:01 Pictures
drwxr-xr-x 2 sebastian sebastian 4096 Jul  4 07:01 Public
drwxr-xr-x 2 sebastian sebastian 4096 Jul  4 07:01 Templates
drwxr-xr-x 2 sebastian sebastian 4096 Jul  4 07:01 Videos
sebastian@debian:~$ rm 2
sebastian@debian:~$ ls-l
bash: ls-l: command not found
sebastian@debian:~$ ls -l
total 36
drwxr-xr-x 3 sebastian sebastian 4096 Jul  4 07:10 certificates
drwxr-xr-x 3 sebastian sebastian 4096 Jul  5 03:21 Desktop
drwxr-xr-x 2 sebastian sebastian 4096 Jul  4 07:01 Documents
drwxr-xr-x 2 sebastian sebastian 4096 Jul  5 03:21 Downloads
drwxr-xr-x 2 sebastian sebastian 4096 Jul  4 07:01 Music
drwxr-xr-x 2 sebastian sebastian 4096 Jul  4 07:01 Pictures
drwxr-xr-x 2 sebastian sebastian 4096 Jul  4 07:01 Public
drwxr-xr-x 2 sebastian sebastian 4096 Jul  4 07:01 Templates
drwxr-xr-x 2 sebastian sebastian 4096 Jul  4 07:01 Videos
sebastian@debian:~$ mkdir nou
sebastian@debian:~$ ls
certificates  Documents  Music  Pictures  Templates
Desktop       Downloads  nou    Public    Videos
sebastian@debian:~$ rmdir nou
sebastian@debian:~$ ls
certificates  Documents  Music     Public     Videos
Desktop       Downloads  Pictures  Templates
sebastian@debian:~$ 

sebastian@debian:~$ echo *
certificates Desktop Documents Downloads Music Pictures Public Templates Videos
sebastian@debian:~$ echo D*
Desktop Documents Downloads
sebastian@debian:~$ echo *s
certificates Documents Downloads Pictures Templates Videos
sebastian@debian:~$ echo d*
d*
sebastian@debian:~$ echo c*
certificates
sebastian@debian:~$ echo *c
Music Public
sebastian@debian:~$  echo *c*
certificates Documents Music Pictures Public



